drivers/gpio/gpio-uclass.c:1033:12:gpio_post_bind	0	static
drivers/gpio/gpio-uclass.c:621:12:get_function	24	static
drivers/gpio/gpio-uclass.c:33:12:gpio_to_device	24	static
drivers/gpio/gpio-uclass.c:398:12:check_reserved	24	static
drivers/gpio/gpio-uclass.c:956:12:gpio_renumber	32	static
drivers/gpio/gpio-uclass.c:1004:12:gpio_pre_remove	16	static
drivers/gpio/gpio-uclass.c:993:12:gpio_post_probe	8	static
drivers/gpio/gpio-uclass.c:55:5:dm_gpio_lookup_name	32	static
drivers/gpio/gpio-uclass.c:93:5:gpio_lookup_name	40	static
drivers/gpio/gpio-uclass.c:118:5:gpio_xlate_offs_flags	0	static
drivers/gpio/gpio-uclass.c:263:5:gpio_hog_lookup_name	0	static
drivers/gpio/gpio-uclass.c:269:5:dm_gpio_request	24	static
drivers/gpio/gpio-uclass.c:294:12:dm_gpio_requestf	60	static
drivers/gpio/gpio-uclass.c:321:5:gpio_request	24	static
drivers/gpio/gpio-uclass.c:343:5:gpio_requestf	60	static
drivers/gpio/gpio-uclass.c:358:5:_dm_gpio_free	16	static
drivers/gpio/gpio-uclass.c:386:5:gpio_free	24	static
drivers/gpio/gpio-uclass.c:425:5:gpio_direction_input	24	static
drivers/gpio/gpio-uclass.c:449:5:gpio_direction_output	24	static
drivers/gpio/gpio-uclass.c:465:5:dm_gpio_get_value	8	static
drivers/gpio/gpio-uclass.c:479:5:dm_gpio_set_value	16	static
drivers/gpio/gpio-uclass.c:493:5:dm_gpio_get_open_drain	16	static
drivers/gpio/gpio-uclass.c:508:5:dm_gpio_set_open_drain	16	static
drivers/gpio/gpio-uclass.c:525:5:dm_gpio_set_dir_flags	24	static
drivers/gpio/gpio-uclass.c:800:12:gpio_request_tail	40	static
drivers/gpio/gpio-uclass.c:845:12:_gpio_request_by_name_nodev	128	static
drivers/gpio/gpio-uclass.c:555:5:dm_gpio_set_dir	0	static
drivers/gpio/gpio-uclass.c:569:5:gpio_get_value	24	static
drivers/gpio/gpio-uclass.c:590:5:gpio_set_value	24	static
drivers/gpio/gpio-uclass.c:601:13:gpio_get_bank_info	8	static
drivers/gpio/gpio-uclass.c:650:5:gpio_get_function	0	static
drivers/gpio/gpio-uclass.c:655:5:gpio_get_raw_function	0	static
drivers/gpio/gpio-uclass.c:660:5:gpio_get_status	64	static
drivers/gpio/gpio-uclass.c:699:5:gpio_claim_vector	24	static
drivers/gpio/gpio-uclass.c:730:5:gpio_get_values_as_int	24	static
drivers/gpio/gpio-uclass.c:750:5:dm_gpio_get_values_as_int	32	static
drivers/gpio/gpio-uclass.c:859:5:gpio_request_by_name_nodev	16	static
drivers/gpio/gpio-uclass.c:866:5:gpio_request_by_name	128	static
drivers/gpio/gpio-uclass.c:918:5:gpio_get_list_count	24	static
drivers/gpio/gpio-uclass.c:933:5:dm_gpio_free	0	static
drivers/gpio/gpio-uclass.c:939:5:gpio_free_list	24	static
drivers/gpio/gpio-uclass.c:950:5:gpio_free_list_nodev	0	static
drivers/gpio/gpio-uclass.c:880:5:gpio_request_list_by_name_nodev	48	static
drivers/gpio/gpio-uclass.c:905:5:gpio_request_list_by_name	0	static
drivers/gpio/gpio-uclass.c:981:5:gpio_get_number	0	static
drivers/gpio/gpio-uclass.c:1018:5:gpio_dev_request_index	104	static
