lib/avb/libavb/avb_util.c:29:10:avb_be32toh	0	static
lib/avb/libavb/avb_util.c:39:10:avb_be64toh	0	static
lib/avb/libavb/avb_util.c:54:10:avb_htobe32	0	static
lib/avb/libavb/avb_util.c:67:10:avb_htobe64	0	static
lib/avb/libavb/avb_util.c:83:5:avb_safe_memcmp	12	static
lib/avb/libavb/avb_util.c:128:6:avb_validate_utf8	8	static
lib/avb/libavb/avb_util.c:228:13:avb_strstr	16	static
lib/avb/libavb/avb_util.c:253:13:avb_strv_find_str	24	static
lib/avb/libavb/avb_util.c:390:13:avb_basename	8	static
lib/avb/libavb/avb_util.c:103:6:avb_safe_add_to	24	static
lib/avb/libavb/avb_util.c:119:6:avb_safe_add	16	static
lib/avb/libavb/avb_util.c:171:6:avb_str_concat	48	static
lib/avb/libavb/avb_util.c:196:7:avb_malloc	16	static
lib/avb/libavb/avb_util.c:205:7:avb_calloc	16	static
lib/avb/libavb/avb_util.c:215:7:avb_strdup	16	static
lib/avb/libavb/avb_util.c:266:7:avb_replace	56	static
lib/avb/libavb/avb_util.c:345:7:avb_strdupv	312	static
lib/avb/libavb/avb_util.c:405:6:avb_uppercase	0	static
lib/avb/libavb/avb_util.c:414:7:avb_bin2hex	40	static
