drivers/phy/phy-uclass.c:44:27:phy_get_counts	16	static
drivers/phy/phy-uclass.c:83:12:phy_uclass_pre_probe	8	static
drivers/phy/phy-uclass.c:92:12:phy_uclass_pre_remove	16	static
drivers/phy/phy-uclass.c:121:5:generic_phy_get_by_index	112	static
drivers/phy/phy-uclass.c:173:5:generic_phy_get_by_name	16	static
drivers/phy/phy-uclass.c:189:5:generic_phy_init	16	static
drivers/phy/phy-uclass.c:217:5:generic_phy_reset	0	static
drivers/phy/phy-uclass.c:228:5:generic_phy_exit	16	static
drivers/phy/phy-uclass.c:258:5:generic_phy_power_on	16	static
drivers/phy/phy-uclass.c:286:5:generic_phy_power_off	16	static
drivers/phy/phy-uclass.c:316:5:generic_phy_configure	0	static
drivers/phy/phy-uclass.c:327:5:generic_phy_validate	4	static
drivers/phy/phy-uclass.c:339:5:generic_phy_set_mode_ext	16	static
