drivers/usb/gadget/f_fastboot.c:409:28:fastboot_start_ep	16	static
drivers/usb/gadget/f_fastboot.c:385:13:fastboot_unbind	0	static
drivers/usb/gadget/f_fastboot.c:482:12:fastboot_add	16	static
drivers/usb/gadget/f_fastboot.c:390:13:fastboot_disable	8	static
drivers/usb/gadget/f_fastboot.c:321:13:fastboot_complete	4	static
drivers/usb/gadget/f_fastboot.c:1734:13:do_exit_on_complete	0	static
drivers/usb/gadget/f_fastboot.c:1714:13:do_bootm_on_complete	32	static
drivers/usb/gadget/f_fastboot.c:542:13:compl_do_reset	0	static
drivers/usb/gadget/f_fastboot.c:581:12:strcmp_l1	16	static
drivers/usb/gadget/f_fastboot.c:331:12:fastboot_bind	24	static
drivers/usb/gadget/f_fastboot.c:627:13:fb_add_string.part.0	8	static
drivers/usb/gadget/f_fastboot.c:639:13:fb_add_number.part.0	8	static
drivers/usb/gadget/f_fastboot.c:271:12:fb_get_fstype.constprop	24	static
drivers/usb/gadget/f_fastboot.c:1542:21:rx_bytes_expected.isra	16	static
drivers/usb/gadget/f_fastboot.c:515:12:fastboot_tx_write.isra	16	static
drivers/usb/gadget/f_fastboot.c:531:12:fastboot_tx_write_str.isra	24	static
drivers/usb/gadget/f_fastboot.c:1567:13:rx_handler_dl_image	96	static
drivers/usb/gadget/f_fastboot.c:1618:13:cb_download	96	static
drivers/usb/gadget/f_fastboot.c:1697:13:cb_upload	80	static
drivers/usb/gadget/f_fastboot.c:1728:13:cb_boot	0	static
drivers/usb/gadget/f_fastboot.c:1739:13:cb_continue	0	static
drivers/usb/gadget/f_fastboot.c:1745:13:cb_set_active	16	static
drivers/usb/gadget/f_fastboot.c:1838:13:cb_flashing	16	static
drivers/usb/gadget/f_fastboot.c:1786:13:cb_flash	88	static
drivers/usb/gadget/f_fastboot.c:2289:13:cb_erase	80	static
drivers/usb/gadget/f_fastboot.c:2008:13:cb_oem	1248	static
drivers/usb/gadget/f_fastboot.c:2367:13:rx_handler_command	24	static
drivers/usb/gadget/f_fastboot.c:1643:13:tx_handler_ul	24	static
drivers/usb/gadget/f_fastboot.c:428:12:fastboot_set_alt	16	static
drivers/usb/gadget/f_fastboot.c:651:12:fb_read_var	1048	static
drivers/usb/gadget/f_fastboot.c:1143:12:fb_getvar_single	40	static
drivers/usb/gadget/f_fastboot.c:1505:13:cb_getvar	408	static
drivers/usb/gadget/f_fastboot.c:547:12:fb_set_reboot_flag	0	static
drivers/usb/gadget/f_fastboot.c:552:13:cb_reboot	8	static
