drivers/usb/gadget/f_mass_storage.c:459:13:raise_exception	0	static
drivers/usb/gadget/f_mass_storage.c:473:12:ep0_queue	8	static
drivers/usb/gadget/f_mass_storage.c:492:13:bulk_in_complete	16	static
drivers/usb/gadget/f_mass_storage.c:509:13:bulk_out_complete	16	static
drivers/usb/gadget/f_mass_storage.c:2305:12:fsg_set_alt	8	static
drivers/usb/gadget/f_mass_storage.c:2313:13:fsg_disable	0	static
drivers/usb/gadget/f_mass_storage.c:532:12:fsg_setup	16	static
drivers/usb/gadget/f_mass_storage.c:650:12:sleep_thread	24	static
drivers/usb/gadget/f_rockusb.c:158:13:__do_reset	0	static
drivers/usb/gadget/f_mass_storage.c:2678:13:fsg_unbind	8	static
drivers/usb/gadget/storage_common.c:664:13:store_cdrom_address	16	static
drivers/usb/gadget/f_mass_storage.c:2815:5:fsg_add	48	static
drivers/usb/gadget/f_mass_storage.c:1676:12:check_command.constprop	48	static
drivers/usb/gadget/f_mass_storage.c:586:13:start_transfer.constprop	16	static
drivers/usb/gadget/f_mass_storage.c:1613:12:send_status	16	static
drivers/usb/gadget/f_mass_storage.c:692:12:do_read	40	static
drivers/usb/gadget/f_mass_storage.c:435:12:fsg_set_halt.constprop	0	static
drivers/usb/gadget/f_mass_storage.c:1392:12:halt_bulk_in_endpoint	8	static
drivers/usb/gadget/f_rockusb.c:955:13:rkusb_fixup_cbwcb.isra	16	static
drivers/usb/gadget/f_mass_storage.c:1243:12:do_mode_sense.isra	40	static
drivers/usb/gadget/f_mass_storage.c:2210:12:do_set_interface.isra	32	static
drivers/usb/gadget/f_rockusb.c:82:5:g_dnl_bind_fixup	16	static
drivers/usb/gadget/f_rockusb.c:183:13:rkusb_usb3_capable	0	static
drivers/usb/gadget/f_rockusb.c:1111:5:rkusb_do_check_parity	24	static
drivers/usb/gadget/f_mass_storage.c:819:12:do_write	48	static
drivers/usb/gadget/f_mass_storage.c:2430:5:fsg_main_thread	72	static
drivers/usb/gadget/f_mass_storage.c:2642:1:usb_copy_descriptors	24	static
drivers/usb/gadget/f_mass_storage.c:2693:12:fsg_bind	24	static
drivers/usb/gadget/f_mass_storage.c:2833:5:fsg_init	0	static
