arch/arm/mach-rockchip/board.c:161:12:rockchip_set_serialno.isra	584	static
arch/arm/mach-rockchip/board.c:67:12:rk_board_late_init	0	static
arch/arm/mach-rockchip/board.c:72:12:rk_board_fdt_fixup	0	static
arch/arm/mach-rockchip/board.c:77:12:rk_board_dm_fdt_fixup	0	static
arch/arm/mach-rockchip/board.c:82:12:soc_clk_dump	0	static
arch/arm/mach-rockchip/board.c:87:12:set_armclk_rate	0	static
arch/arm/mach-rockchip/board.c:92:12:rk_board_init	0	static
arch/arm/mach-rockchip/board.c:246:5:fb_set_reboot_flag	8	static
arch/arm/mach-rockchip/board.c:454:5:board_late_init	144	static
arch/arm/mach-rockchip/board.c:529:5:board_init	8	static
arch/arm/mach-rockchip/board.c:561:5:interrupt_debugger_init	0	static
arch/arm/mach-rockchip/board.c:611:5:board_fdt_fixup	8	static
arch/arm/mach-rockchip/board.c:653:5:board_initr_caches_fixup	64	static
arch/arm/mach-rockchip/board.c:670:6:arch_preboot_os	0	static
arch/arm/mach-rockchip/board.c:709:6:enable_caches	8	static
arch/arm/mach-rockchip/board.c:722:6:board_lmb_reserve	88	static
arch/arm/mach-rockchip/board.c:765:5:board_bidram_reserve	64	static
arch/arm/mach-rockchip/board.c:792:5:board_sysmem_reserve	0	static
arch/arm/mach-rockchip/board.c:805:12:board_bidram_parse_fn	0	static
arch/arm/mach-rockchip/board.c:811:5:board_init_f_boot_flags	16	static
arch/arm/mach-rockchip/board.c:843:5:board_usb_init	16	static
arch/arm/mach-rockchip/board.c:900:5:board_usb_cleanup	0	static
arch/arm/mach-rockchip/board.c:941:5:bootm_board_start	8	static
arch/arm/mach-rockchip/board.c:973:5:bootm_image_populate_dtb	8	static
arch/arm/mach-rockchip/board.c:998:5:board_do_bootm	80	static
arch/arm/mach-rockchip/board.c:1079:6:autoboot_command_fail_handle	0	static
arch/arm/mach-rockchip/board.c:1135:6:board_quiesce_devices	8	static
arch/arm/mach-rockchip/board.c:1177:5:board_rng_seed	24	static
arch/arm/mach-rockchip/board.c:1388:7:board_fdt_chosen_bootargs	48	static
arch/arm/mach-rockchip/board.c:1432:5:ft_verify_fdt	0	static
