arch/arm/mach-rockchip/rockchip_smccc.c:25:29:__invoke_sip_fn_smc	56	static
arch/arm/mach-rockchip/rockchip_smccc.c:36:5:psci_cpu_on	32	static
arch/arm/mach-rockchip/rockchip_smccc.c:45:5:psci_cpu_off	32	static
arch/arm/mach-rockchip/rockchip_smccc.c:55:5:psci_system_suspend	32	static
arch/arm/mach-rockchip/rockchip_smccc.c:65:5:sip_smc_set_suspend_mode	32	static
arch/arm/mach-rockchip/rockchip_smccc.c:75:5:sip_smc_remotectl_config	32	static
arch/arm/mach-rockchip/rockchip_smccc.c:84:5:sip_smc_amp_cfg	56	static
arch/arm/mach-rockchip/rockchip_smccc.c:93:22:sip_smc_dram	16	static
arch/arm/mach-rockchip/rockchip_smccc.c:100:22:sip_smc_request_share_mem	16	static
arch/arm/mach-rockchip/rockchip_smccc.c:117:22:sip_smc_secure_reg_read	16	static
arch/arm/mach-rockchip/rockchip_smccc.c:125:5:sip_smc_secure_reg_write	32	static
arch/arm/mach-rockchip/rockchip_smccc.c:133:5:sip_smc_hdcp_config	32	static
arch/arm/mach-rockchip/rockchip_smccc.c:141:22:sip_smc_get_sip_version	16	static
arch/arm/mach-rockchip/rockchip_smccc.c:152:5:sip_smc_set_sip_version	40	static
arch/arm/mach-rockchip/rockchip_smccc.c:166:5:sip_smc_mcu_config	32	static
