drivers/power/fuel_gauge/fg_rk816.c:270:12:rk816_bat_get_rsoc	8	static
drivers/power/fuel_gauge/fg_rk816.c:575:12:interpolate	24	static
drivers/power/fuel_gauge/fg_rk816.c:635:12:rk816_bat_vol_to_soc	8	static
drivers/power/fuel_gauge/fg_rk816.c:255:13:rk816_bat_write.isra	0	static
drivers/power/fuel_gauge/fg_rk816.c:367:13:rk816_bat_save_cap	16	static
drivers/power/fuel_gauge/fg_rk816.c:250:12:rk816_bat_read.isra	0	static
drivers/power/fuel_gauge/fg_rk816.c:1470:12:rk816_fg_ofdata_to_platdata	32	static
drivers/power/fuel_gauge/fg_rk816.c:1154:11:rk816_bat_get_chrg_status.isra	8	static
drivers/power/fuel_gauge/fg_rk816.c:752:12:rk816_bat_get_usb_state	8	static
drivers/power/fuel_gauge/fg_rk816.c:1049:12:rk816_bat_get_charger_type	8	static
drivers/power/fuel_gauge/fg_rk816.c:1455:13:rk816_bat_update_get_chrg_online	8	static
drivers/power/fuel_gauge/fg_rk816.c:998:13:rk816_bat_set_current	16	static
drivers/power/fuel_gauge/fg_rk816.c:1008:13:rk816_bat_charger_setting.part.0	8	static
drivers/power/fuel_gauge/fg_rk816.c:347:12:rk816_bat_get_ioffset	16	static
drivers/power/fuel_gauge/fg_rk816.c:960:12:rk816_bat_get_coffset	16	static
drivers/power/fuel_gauge/fg_rk816.c:1309:12:rk816_bat_get_iadc	16	static
drivers/power/fuel_gauge/fg_rk816.c:648:12:rk816_bat_get_prev_cap	16	static
drivers/power/fuel_gauge/fg_rk816.c:412:12:rk816_bat_get_avg_current	16	static
drivers/power/fuel_gauge/fg_rk816.c:1445:12:rk816_bat_update_get_current	8	static
drivers/power/fuel_gauge/fg_rk816.c:702:12:rk816_bat_get_coulomb_cap	16	static
drivers/power/fuel_gauge/fg_rk816.c:719:13:rk816_bat_init_capacity	16	static
drivers/power/fuel_gauge/fg_rk816.c:674:12:rk816_bat_get_fcc	16	static
drivers/power/fuel_gauge/fg_rk816.c:400:12:rk816_bat_get_ocv_voltage	16	static
drivers/power/fuel_gauge/fg_rk816.c:429:12:rk816_bat_get_avg_voltage	16	static
drivers/power/fuel_gauge/fg_rk816.c:441:12:rk816_bat_get_est_voltage	16	static
drivers/power/fuel_gauge/fg_rk816.c:792:13:rk816_bat_set_initialized_state	16	static
drivers/power/fuel_gauge/fg_rk816.c:1435:12:rk816_bat_update_get_voltage	8	static
drivers/power/fuel_gauge/fg_rk816.c:1403:12:rk816_bat_bat_is_exit	8	static
drivers/power/fuel_gauge/fg_rk816.c:622:12:rk816_bat_vol_to_cap	8	static
drivers/power/fuel_gauge/fg_rk816.c:1410:12:rk816_bat_update_get_soc	24	static
drivers/power/fuel_gauge/fg_rk816.c:1090:6:rk816_bat_init_rsoc	80	static
drivers/power/fuel_gauge/fg_rk816.c:1558:12:rk816_fg_probe	48	static
