drivers/mmc/dw_mmc.c:89:12:dwmci_wait_reset	0	static
drivers/mmc/dw_mmc.c:736:12:dwmci_execute_tuning	8	static
drivers/mmc/dw_mmc.c:716:13:dwmci_card_busy	8	static
drivers/mmc/dw_mmc.c:872:12:dwmci_get_cd	40	static
drivers/mmc/dw_mmc.c:650:12:dwmci_setup_bus.part.0.isra	16	static
drivers/mmc/dw_mmc.c:752:12:dwmci_set_ios	16	static
drivers/mmc/dw_mmc.c:35:15:dwmci_memcpy_fromio	0	static
drivers/mmc/dw_mmc.c:60:15:dwmci_memcpy_toio	0	static
drivers/mmc/dw_mmc.c:379:12:dwmci_send_cmd	80	dynamic
drivers/mmc/dw_mmc.c:897:5:dwmci_probe	40	static
drivers/mmc/dw_mmc.c:926:6:dwmci_setup_cfg	8	static
drivers/mmc/dw_mmc.c:962:5:dwmci_bind	0	static
