drivers/mmc/mmc-uclass.c:337:12:mmc_blk_probe	8	static
drivers/mmc/mmc-uclass.c:89:6:mmc_card_busy	0	static
drivers/mmc/mmc-uclass.c:98:6:mmc_can_card_busy	0	static
drivers/mmc/mmc-uclass.c:105:5:dm_mmc_set_ios	0	static
drivers/mmc/mmc-uclass.c:114:5:mmc_set_ios	0	static
drivers/mmc/mmc-uclass.c:119:5:dm_mmc_get_wp	0	static
drivers/mmc/mmc-uclass.c:128:5:mmc_getwp	0	static
drivers/mmc/mmc-uclass.c:133:5:dm_mmc_get_cd	0	static
drivers/mmc/mmc-uclass.c:142:5:mmc_getcd	0	static
drivers/mmc/mmc-uclass.c:157:5:mmc_set_enhanced_strobe	0	static
drivers/mmc/mmc-uclass.c:161:13:mmc_get_mmc_dev	8	static
drivers/mmc/mmc-uclass.c:18:5:dm_mmc_send_cmd	32	static
drivers/mmc/mmc-uclass.c:77:5:mmc_send_cmd	0	static
drivers/mmc/mmc-uclass.c:322:12:mmc_select_hwpart	16	static
drivers/mmc/mmc-uclass.c:172:13:find_mmc_device	16	static
drivers/mmc/mmc-uclass.c:193:5:get_mmc_num	8	static
drivers/mmc/mmc-uclass.c:198:5:mmc_get_next_devnum	0	static
drivers/mmc/mmc-uclass.c:203:18:mmc_get_blk_desc	16	static
drivers/mmc/mmc-uclass.c:216:6:mmc_do_preinit	16	static
drivers/mmc/mmc-uclass.c:239:6:print_mmc_devices	40	static
drivers/mmc/mmc-uclass.c:272:5:mmc_bind	48	static
drivers/mmc/mmc-uclass.c:309:5:mmc_unbind	16	static
