lib/string.c:30:5:strncasecmp	16	static
lib/string.c:60:5:strcasecmp	0	static
lib/string.c:73:8:strcpy	0	static
lib/string.c:94:8:strncpy	8	static
lib/string.c:136:8:strcat	8	static
lib/string.c:159:8:strncat	12	static
lib/string.c:184:5:strcmp	0	static
lib/string.c:204:5:strncmp	8	static
lib/string.c:224:8:strchr	0	static
lib/string.c:233:13:strchrnul	0	static
lib/string.c:263:8:strlen	0	static
lib/string.c:117:8:strlcpy	24	static
lib/string.c:247:8:strrchr	16	static
lib/string.c:279:8:strnlen	8	static
lib/string.c:296:8:strcspn	12	static
lib/string.c:314:8:strdup	16	static
lib/string.c:335:8:strspn	12	static
lib/string.c:361:8:strpbrk	12	static
lib/string.c:383:8:strtok	16	static
lib/string.c:416:8:strsep	16	static
lib/string.c:440:7:strswab	0	static
lib/string.c:542:8:memmove	16	static
lib/string.c:566:5:memcmp	8	static
lib/string.c:588:8:memscan	8	static
lib/string.c:602:7:memdup	16	static
lib/string.c:621:8:strstr	24	static
lib/string.c:649:7:memchr	8	static
lib/string.c:681:7:memchr_inv	20	static
