lib/vsprintf.c:50:14:put_dec_trunc	20	static
lib/vsprintf.c:128:23:put_dec	32	static
lib/vsprintf.c:157:14:number	120	static
lib/vsprintf.c:256:14:string	24	static
lib/vsprintf.c:475:12:vsnprintf_internal	120	dynamic
lib/vsprintf.c:674:5:vsnprintf	0	static
lib/vsprintf.c:680:5:vscnprintf	8	static
lib/vsprintf.c:693:5:snprintf	16	static
lib/vsprintf.c:705:5:scnprintf	16	static
lib/vsprintf.c:730:5:vsprintf	0	static
lib/vsprintf.c:735:5:sprintf	12	static
lib/vsprintf.c:746:5:printf	1056	static
lib/vsprintf.c:766:5:vprintf	1056	static
lib/vsprintf.c:783:6:__assert_fail	16	static
lib/vsprintf.c:791:7:simple_itoa	24	static
lib/vsprintf.c:806:6:print_grouped_ull	48	static
lib/vsprintf.c:821:6:str2off	24	static
lib/vsprintf.c:829:6:str2long	24	static
