drivers/video/drm/dw_mipi_dsi.c:277:13:grf_field_write	12	static
drivers/video/drm/dw_mipi_dsi.c:1021:12:dw_mipi_dsi_get_hcomponent_lbcc	8	static
drivers/video/drm/dw_mipi_dsi.c:1683:12:dw_mipi_dsi_child_pre_probe	8	static
drivers/video/drm/dw_mipi_dsi.c:1658:12:dw_mipi_dsi_child_post_bind	40	static
drivers/video/drm/dw_mipi_dsi.c:1320:12:dw_mipi_dsi_connector_disable	8	static
drivers/video/drm/dw_mipi_dsi.c:1310:12:dw_mipi_dsi_connector_enable	8	static
drivers/video/drm/dw_mipi_dsi.c:1627:12:dw_mipi_dsi_host_attach	8	static
drivers/video/drm/dw_mipi_dsi.c:934:13:dw_mipi_dsi_post_disable	16	static
drivers/video/drm/dw_mipi_dsi.c:1302:13:dw_mipi_dsi_connector_unprepare	8	static
drivers/video/drm/dw_mipi_dsi.c:1338:12:dw_mipi_dsi_probe	24	static
drivers/video/drm/dw_mipi_dsi.c:455:13:testif_write	16	static
drivers/video/drm/dw_mipi_dsi.c:502:13:dw_mipi_dsi_phy_init	328	static
drivers/video/drm/dw_mipi_dsi.c:1092:12:dw_mipi_dsi_connector_init	24	static
drivers/video/drm/dw_mipi_dsi.c:1648:12:dw_mipi_dsi_bind	8	static
drivers/video/drm/dw_mipi_dsi.c:720:16:dw_mipi_dsi_transfer	56	static
drivers/video/drm/dw_mipi_dsi.c:1619:16:dw_mipi_dsi_host_transfer	8	static
drivers/video/drm/dw_mipi_dsi.c:1250:13:dw_mipi_dsi_pre_enable	56	static
drivers/video/drm/dw_mipi_dsi.c:1269:12:dw_mipi_dsi_connector_prepare	64	static
