drivers/video/drm/rockchip_display_helper.c:263:12:display_rect_calc_scale	8	static
drivers/video/drm/rockchip_display_helper.c:17:6:rockchip_display_make_crc32_table	12	static
drivers/video/drm/rockchip_display_helper.c:38:10:rockchip_display_crc32c_cal	12	static
drivers/video/drm/rockchip_display_helper.c:57:6:drm_mode_max_resolution_filter	20	static
drivers/video/drm/rockchip_display_helper.c:69:5:drm_mode_vrefresh	16	static
drivers/video/drm/rockchip_display_helper.c:110:6:drm_mode_set_crtcinfo	28	static
drivers/video/drm/rockchip_display_helper.c:173:6:drm_mode_convert_to_origin_mode	16	static
drivers/video/drm/rockchip_display_helper.c:190:6:drm_mode_convert_to_split_mode	16	static
drivers/video/drm/rockchip_display_helper.c:256:6:drm_mode_is_420	16	static
drivers/video/drm/rockchip_display_helper.c:283:5:display_rect_calc_hscale	16	static
drivers/video/drm/rockchip_display_helper.c:297:5:display_rect_calc_vscale	16	static
