drivers/video/drm/rockchip_vop2.c:1647:13:is_yuv_output	0	static
drivers/video/drm/rockchip_vop2.c:1749:13:is_yc_swap	0	static
drivers/video/drm/rockchip_vop2.c:1818:13:rk3588_vop2_load_lut	16	static
drivers/video/drm/rockchip_vop2.c:1960:13:vop2_bcsh_reg_update	24	static
drivers/video/drm/rockchip_vop2.c:2069:13:vop2_setup_dly_for_vp	20	static
drivers/video/drm/rockchip_vop2.c:4350:13:vop3_mcu_mode_setup	16	static
drivers/video/drm/rockchip_vop2.c:4448:13:vop2_dither_setup	32	static
drivers/video/drm/rockchip_vop2.c:5037:13:vop2_axi_config	20	static
drivers/video/drm/rockchip_vop2.c:5427:12:rockchip_vop2_prepare	0	static
drivers/video/drm/rockchip_vop2.c:5451:12:rockchip_vop2_enable	20	static
drivers/video/drm/rockchip_vop2.c:5476:12:rockchip_vop2_disable	20	static
drivers/video/drm/rockchip_vop2.c:5714:12:rockchip_vop2_apply_soft_te	24	static
drivers/video/drm/rockchip_vop2.c:5786:12:rockchip_vop2_active_regs_dump	48	static
drivers/video/drm/rockchip_vop2.c:5753:12:rockchip_vop2_regs_dump	48	static
drivers/video/drm/rockchip_vop2.c:5580:12:rockchip_vop2_check	8	static
drivers/video/drm/rockchip_vop2.c:1669:28:vop2_convert_csc_mode	8	static
drivers/video/drm/rockchip_vop2.c:2001:13:vop2_tv_config_update	56	static
drivers/video/drm/rockchip_vop2.c:2190:13:vop3_post_acm_config	24	static
drivers/video/drm/rockchip_vop2.c:2639:12:vop3_get_esmart_lb_mode	16	static
drivers/video/drm/rockchip_vop2.c:5617:12:rockchip_vop2_mode_fixup	16	static
drivers/video/drm/rockchip_vop2.c:5598:12:rockchip_vop2_mode_valid	48	static
drivers/video/drm/rockchip_vop2.c:4071:14:vop2_clk_set_rate	0	static
drivers/video/drm/rockchip_vop2.c:4394:12:rockchip_vop2_send_mcu_cmd	24	static
drivers/video/drm/rockchip_vop2.c:5537:12:rockchip_vop2_fixup_dts	56	static
drivers/video/drm/rockchip_vop2.c:1609:14:get_plane_name	8	static
drivers/video/drm/rockchip_vop2.c:3079:22:vop2_calc_dclk	0	static
drivers/video/drm/rockchip_vop2.c:1489:17:vop3_scale_factor.part.0	40	static
drivers/video/drm/rockchip_vop2.c:1443:17:vop2_scale_factor.part.0	40	static
drivers/video/drm/rockchip_vop2.c:4310:13:is_extend_pll	112	static
drivers/video/drm/rockchip_vop2.c:2602:13:vop3_ignore_plane	0	static
drivers/video/drm/rockchip_vop2.c:3248:22:rk3588_vop2_if_cfg	72	static
drivers/video/drm/rockchip_vop2.c:2456:12:vop2_power_domain_on	24	static
drivers/video/drm/rockchip_vop2.c:4130:13:vop2_dsc_enable	288	static
drivers/video/drm/rockchip_vop2.c:1777:30:vop2_find_win_by_phys_id.isra	16	static
drivers/video/drm/rockchip_vop2.c:2131:13:vop2_post_config	48	static
drivers/video/drm/rockchip_vop2.c:5684:12:rockchip_vop2_plane_check	32	static
drivers/video/drm/rockchip_vop2.c:3011:12:rockchip_vop2_preinit	48	static
drivers/video/drm/rockchip_vop2.c:4839:13:vop2_setup_scale	64	static
drivers/video/drm/rockchip_vop2.c:5073:12:vop2_set_cluster_win	56	static
drivers/video/drm/rockchip_vop2.c:5173:12:vop2_set_smart_win	88	static
drivers/video/drm/rockchip_vop2.c:5360:12:rockchip_vop2_set_plane	144	static
drivers/video/drm/rockchip_vop2.c:4526:12:rockchip_vop2_init	264	static
