include/linux/unaligned/le_byteshift.h:11:19:__get_unaligned_le32	0	static
drivers/video/drm/rockchip_display.c:1312:23:bitmap_get_buffer	0	static
drivers/video/drm/rockchip_display.c:1317:13:bitmap_destroy	0	static
drivers/video/drm/rockchip_display.c:2401:5:rockchip_display_bind	8	static
drivers/video/drm/rockchip_display.c:1656:34:rockchip_of_graph_get_port_parent	8	static
drivers/video/drm/rockchip_display.c:1811:29:rockchip_of_find_phy	16	static
drivers/video/drm/rockchip_display.c:590:12:display_get_edid_mode	24	static
drivers/video/drm/rockchip_display.c:1303:14:bitmap_create	0	static
drivers/video/drm/rockchip_display.c:84:7:rockchip_get_output_if_name	16	static
drivers/video/drm/rockchip_display.c:116:5:rockchip_drm_get_cycles_per_pixel	0	static
drivers/video/drm/rockchip_display.c:139:5:rockchip_get_baseparameter	136	static
drivers/video/drm/rockchip_display.c:183:25:rockchip_get_disp_info	24	static
drivers/video/drm/rockchip_display.c:308:7:get_display_buffer	8	static
drivers/video/drm/rockchip_display.c:346:15:get_cubic_lut_buffer	0	static
drivers/video/drm/rockchip_display.c:357:6:can_direct_logo	0	static
drivers/video/drm/rockchip_display.c:390:5:rockchip_ofnode_get_display_mode	56	static
drivers/video/drm/rockchip_display.c:992:12:display_logo	144	static
drivers/video/drm/rockchip_display.c:859:5:display_send_mcu_cmd	4	static
drivers/video/drm/rockchip_display.c:1137:29:find_or_alloc_logo_cache	24	static
drivers/video/drm/rockchip_display.c:1418:12:load_bmp_logo	192	static
drivers/video/drm/rockchip_display.c:1523:6:rockchip_show_fbbase	24	static
drivers/video/drm/rockchip_display.c:1539:5:rockchip_show_bmp	24	static
drivers/video/drm/rockchip_display.c:2434:12:do_rockchip_show_bmp	8	static
drivers/video/drm/rockchip_display.c:1560:5:rockchip_show_logo	24	static
drivers/video/drm/rockchip_display.c:2423:12:do_rockchip_logo_show	8	static
drivers/video/drm/rockchip_display.c:1599:5:rockchip_vop_dump	32	static
drivers/video/drm/rockchip_display.c:2445:12:do_rockchip_vop_dump	0	static
drivers/video/drm/rockchip_display.c:1633:27:rockchip_of_graph_get_port_by_id	24	static
drivers/video/drm/rockchip_display.c:1670:1:rockchip_of_graph_get_endpoint_by_regs	24	static
drivers/video/drm/rockchip_display.c:1694:1:rockchip_of_graph_get_remote_node.constprop	16	static
drivers/video/drm/rockchip_display.c:1784:12:rockchip_of_find_panel_or_bridge.isra	32	static
drivers/video/drm/rockchip_display.c:2021:12:rockchip_display_probe	80	static
drivers/video/drm/rockchip_display.c:2245:6:rockchip_display_fixup	48	static
