drivers/video/drm/rockchip_connector.c:79:12:rockchip_connector_path_init	16	static
drivers/video/drm/rockchip_connector.c:122:13:rockchip_connector_path_detect	16	static
drivers/video/drm/rockchip_connector.c:295:12:rockchip_connector_path_post_disable.isra	16	static
drivers/video/drm/rockchip_connector.c:266:12:rockchip_connector_path_disable.isra	16	static
drivers/video/drm/rockchip_connector.c:237:12:rockchip_connector_path_enable.isra	8	static
drivers/video/drm/rockchip_connector.c:208:12:rockchip_connector_path_pre_enable.isra	8	static
drivers/video/drm/rockchip_connector.c:33:5:rockchip_connector_bind	0	static
drivers/video/drm/rockchip_connector.c:46:28:get_rockchip_connector_by_device	8	static
drivers/video/drm/rockchip_connector.c:58:5:rockchip_connector_pre_init	8	static
drivers/video/drm/rockchip_connector.c:102:5:rockchip_connector_init	8	static
drivers/video/drm/rockchip_connector.c:147:6:rockchip_connector_detect	8	static
drivers/video/drm/rockchip_connector.c:166:5:rockchip_connector_get_timing	8	static
drivers/video/drm/rockchip_connector.c:187:5:rockchip_connector_get_edid	8	static
drivers/video/drm/rockchip_connector.c:223:5:rockchip_connector_pre_enable	8	static
drivers/video/drm/rockchip_connector.c:252:5:rockchip_connector_enable	8	static
drivers/video/drm/rockchip_connector.c:281:5:rockchip_connector_disable	8	static
drivers/video/drm/rockchip_connector.c:310:5:rockchip_connector_post_disable	8	static
drivers/video/drm/rockchip_connector.c:325:5:rockchip_connector_deinit	8	static
