drivers/video/drm/rockchip_rgb.c:256:12:rockchip_rgb_connector_mode_valid	24	static
drivers/video/drm/rockchip_rgb.c:175:13:rockchip_rgb_connector_unprepare	8	static
drivers/video/drm/rockchip_rgb.c:149:12:rockchip_rgb_connector_prepare	16	static
drivers/video/drm/rockchip_rgb.c:189:12:rockchip_rgb_connector_init	16	static
drivers/video/drm/rockchip_rgb.c:413:12:rockchip_mcu_panel_parse_cmds	16	static
drivers/video/drm/rockchip_rgb.c:531:12:rockchip_rgb_probe	48	static
drivers/video/drm/rockchip_rgb.c:618:13:rv1126_rgb_prepare	0	static
drivers/video/drm/rockchip_rgb.c:600:13:rv1106_rgb_prepare	8	static
drivers/video/drm/rockchip_rgb.c:725:13:rk3576_rgb_prepare	8	static
drivers/video/drm/rockchip_rgb.c:712:13:rk3568_rgb_prepare	0	static
drivers/video/drm/rockchip_rgb.c:698:13:rk3562_rgb_prepare	0	static
drivers/video/drm/rockchip_rgb.c:685:13:rk3368_rgb_prepare	0	static
drivers/video/drm/rockchip_rgb.c:669:13:rk3288_rgb_unprepare	0	static
drivers/video/drm/rockchip_rgb.c:660:13:rk3288_rgb_prepare	8	static
drivers/video/drm/rockchip_rgb.c:646:13:rk1808_rgb_prepare	0	static
drivers/video/drm/rockchip_rgb.c:632:13:px30_rgb_prepare	0	static
drivers/video/drm/rockchip_rgb.c:390:13:rockchip_mcu_panel_disable	16	static
drivers/video/drm/rockchip_rgb.c:374:13:rockchip_mcu_panel_enable	16	static
drivers/video/drm/rockchip_rgb.c:289:12:rockchip_mcu_panel_send_cmds	24	static
drivers/video/drm/rockchip_rgb.c:348:13:rockchip_mcu_panel_unprepare	16	static
drivers/video/drm/rockchip_rgb.c:313:13:rockchip_mcu_panel_prepare	16	static
