cmd/mmc.c:92:20:init_mmc_device	16	static
cmd/mmc.c:513:12:do_mmc_rescan	8	static
cmd/mmc.c:379:12:do_mmcrpmb	40	static
cmd/mmc.c:969:12:do_mmcops	32	static
cmd/mmc.c:543:12:do_mmc_dev	24	static
cmd/mmc.c:887:12:do_mmc_setdsr	16	static
cmd/mmc.c:360:12:do_mmcrpmb_counter	16	static
cmd/mmc.c:334:12:do_mmcrpmb_write	40	static
cmd/mmc.c:306:12:do_mmcrpmb_read	48	static
cmd/mmc.c:288:12:do_mmcrpmb_key	16	static
cmd/mmc.c:170:12:do_mmc_testefuse	48	static
cmd/mmc.c:129:12:do_mmc_test_secure_storage	24	static
cmd/mmc.c:659:12:do_mmc_hwpartition	96	static
cmd/mmc.c:584:12:do_mmc_list	8	static
cmd/mmc.c:107:12:do_mmcinfo	88	static
cmd/mmc.c:524:12:do_mmc_part	8	static
cmd/mmc.c:485:12:do_mmc_erase	24	static
cmd/mmc.c:455:12:do_mmc_write	24	static
cmd/mmc.c:429:12:do_mmc_read	24	static
cmd/mmc.c:189:5:init_rpmb	8	static
cmd/mmc.c:231:5:finish_rpmb	8	static
cmd/mmc.c:242:5:do_readcounter	8	static
cmd/mmc.c:249:5:do_programkey	8	static
cmd/mmc.c:256:5:do_authenticatedread	16	static
cmd/mmc.c:263:5:do_authenticatedwrite	8	static
cmd/mmc.c:270:13:do_returnmmc	0	static
