disk/part_efi.c:52:14:print_efiname	16	static
disk/part_efi.c:150:12:validate_gpt_entries	8	static
disk/part_efi.c:76:12:validate_gpt_header	48	static
disk/part_efi.c:1173:12:is_gpt_valid	56	dynamic
disk/part_efi.c:1292:12:is_pte_valid	24	static
disk/part_efi.c:376:13:gpt_entry_modify	24	static
disk/part_efi.c:224:6:part_print_efi	112	dynamic
disk/part_efi.c:283:5:part_get_info_efi	32	static
disk/part_efi.c:481:12:part_test_efi	56	dynamic
disk/part_efi.c:197:5:get_disk_guid	48	dynamic
disk/part_efi.c:590:5:write_gpt_table	48	dynamic
disk/part_efi.c:640:5:gpt_fill_pte	72	static
disk/part_efi.c:806:5:gpt_fill_header	24	static
disk/part_efi.c:836:5:gpt_restore	40	static
disk/part_efi.c:902:5:gpt_verify_headers	24	static
disk/part_efi.c:926:5:gpt_verify_partitions	88	static
disk/part_efi.c:1004:5:is_valid_gpt_buf	24	static
disk/part_efi.c:1034:5:write_mbr_and_gpt_partitions	56	static
