common/console.c:201:12:console_tstc	32	static
common/console.c:223:13:console_putc	24	static
common/console.c:30:12:on_console	24	static
common/console.c:316:5:serial_printf	1056	static
common/console.c:518:6:putc	0	static
common/console.c:595:6:puts	8	static
common/console.c:439:5:tstc	0	static
common/console.c:334:5:fgetc.part.0	16	static
common/console.c:413:5:getc	0	static
common/console.c:334:5:fgetc	0	static
common/console.c:366:5:ftstc	0	static
common/console.c:374:6:fputc	0	static
common/console.c:380:6:fputs	24	static
common/console.c:386:6:fclear	24	static
common/console.c:392:5:fprintf	1060	static
common/console.c:461:6:flushc	0	static
common/console.c:656:5:ctrlc	8	static
common/console.c:677:5:confirm_yesno	24	static
common/console.c:704:5:disable_ctrlc	0	static
common/console.c:712:5:had_ctrlc	0	static
common/console.c:717:6:clear_ctrlc	0	static
common/console.c:724:19:search_device	8	static
common/console.c:740:5:console_assign	16	static
common/console.c:780:5:console_announce_r	224	static
common/console.c:794:5:console_init_f	0	static
common/console.c:805:6:stdio_print_current_devices	8	static
common/console.c:832:5:console_init_r	32	static
