common/fdt_support.c:1123:12:of_bus_default_map	20	static
common/fdt_support.c:1650:12:fdt_read_prop	16	static
common/fdt_support.c:457:12:fdt_pack_reg	32	static
common/fdt_support.c:1140:12:of_bus_default_translate	32	static
common/fdt_support.c:1106:6:fdt_support_default_count_cells	24	static
common/fdt_support.c:42:5:fdt_getprop_u32_default_node	24	static
common/fdt_support.c:72:5:fdt_getprop_u32_default	24	static
common/fdt_support.c:96:5:fdt_find_and_setprop	32	static
common/fdt_support.c:120:5:fdt_find_or_add_subnode	24	static
common/fdt_support.c:189:5:fdt_setprop_uxx	32	static
common/fdt_support.c:198:5:fdt_root	24	static
common/fdt_support.c:224:5:fdt_initrd	64	static
common/fdt_support.c:328:14:board_fdt_chosen_bootargs	0	static
common/fdt_support.c:333:5:fdt_chosen	24	static
common/fdt_support.c:376:6:do_fixup_by_path	24	static
common/fdt_support.c:392:6:do_fixup_by_path_u32	24	static
common/fdt_support.c:399:6:do_fixup_by_prop	40	static
common/fdt_support.c:420:6:do_fixup_by_prop_u32	32	static
common/fdt_support.c:428:6:do_fixup_by_compat	40	static
common/fdt_support.c:447:6:do_fixup_by_compat_u32	24	static
common/fdt_support.c:482:5:fdt_record_loadable	48	static
common/fdt_support.c:528:5:fdt_fixup_memory_banks	232	static
common/fdt_support.c:598:5:fdt_fixup_memory	16	static
common/fdt_support.c:603:5:fdt_update_reserved_memory	48	static
common/fdt_support.c:626:6:fdt_fixup_ethernet	72	static
common/fdt_support.c:705:5:fdt_shrink_to_minimum	48	static
common/fdt_support.c:818:5:fdt_increase_size	4	static
common/fdt_support.c:284:5:fdt_bootargs_append	40	static
common/fdt_support.c:1032:6:fdt_del_node_and_alias	16	static
common/fdt_support.c:1384:5:fdt_translate_address	96	static
common/fdt_support.c:1399:5:fdt_node_offset_by_compat_reg	32	static
common/fdt_support.c:1420:5:fdt_alloc_phandle	16	static
common/fdt_support.c:1440:5:fdt_set_phandle	40	static
common/fdt_support.c:1479:14:fdt_create_phandle	16	static
common/fdt_support.c:1509:5:fdt_set_node_status	40	static
common/fdt_support.c:1550:5:fdt_set_status_by_alias	16	static
common/fdt_support.c:1559:5:fdt_add_edid	40	static
common/fdt_support.c:1596:5:fdt_verify_alias_address	48	static
common/fdt_support.c:1637:5:fdt_get_base_address	24	static
common/fdt_support.c:1686:5:fdt_read_range	56	static
common/fdt_support.c:1754:5:fdt_setup_simplefb_node	104	static
common/fdt_support.c:1807:5:fdt_fixup_display	40	static
common/fdt_support.c:1842:5:fdt_overlay_apply_verbose	16	static
