common/image-android.c:146:14:android_image_get_kernel_addr	0	static
common/image-android.c:424:12:image_load	288	static
common/image-android.c:813:14:android_image_get_comp_addr	16	static
common/image-android.c:183:6:android_image_set_comp	0	static
common/image-android.c:188:5:android_image_get_comp	0	static
common/image-android.c:193:5:android_image_parse_kernel_comp	8	static
common/image-android.c:214:5:android_image_get_kernel	32	static
common/image-android.c:269:5:android_image_check_header	0	static
common/image-android.c:692:12:android_image_separate	24	static
common/image-android.c:770:12:android_image_separate_v34	24	static
common/image-android.c:1040:1:extract_boot_image_v34_header	144	static
common/image-android.c:274:7:android_image_get_end	16	static
common/image-android.c:303:5:android_image_get_ksize	0	static
common/image-android.c:308:6:android_image_set_kload	0	static
common/image-android.c:313:7:android_image_get_kload	0	static
common/image-android.c:318:5:android_image_get_ramdisk	16	static
common/image-android.c:371:5:android_image_get_fdt	8	static
common/image-android.c:873:6:android_image_set_decomp	16	static
common/image-android.c:899:5:android_image_memcpy_separate	16	static
common/image-android.c:1128:5:populate_boot_info	24	static
common/image-android.c:1259:22:populate_andr_img_hdr	280	static
common/image-android.c:76:5:android_bcb_msg_sector_offset	144	static
common/image-android.c:104:5:android_image_init_resource	152	static
common/image-android.c:937:6:android_image_load	32	static
common/image-android.c:1363:6:android_print_contents	32	static
