common/usb_storage.c:329:12:usb_stor_irq	0	static
common/usb_storage.c:450:12:usb_stor_BBB_reset	40	static
common/usb_storage.c:504:12:usb_stor_CB_reset	56	static
common/usb_storage.c:583:12:usb_stor_CB_comdat	80	static
common/usb_storage.c:652:12:usb_stor_CBI_get_status	32	static
common/usb_storage.c:830:12:usb_stor_CB_transport	352	static
common/usb_storage.c:1000:12:usb_request_sense.constprop.isra	16	static
common/usb_storage.c:1210:22:usb_stor_write	56	static
common/usb_storage.c:1128:22:usb_stor_read	56	static
common/usb_storage.c:699:12:usb_stor_BBB_clear_endpt_stall.isra	32	static
common/usb_storage.c:707:12:usb_stor_BBB_transport	312	static
common/usb_storage.c:138:5:usb_stor_info	24	static
common/usb_storage.c:291:6:usb_stor_reset	0	static
common/usb_storage.c:301:5:usb_stor_scan	8	static
common/usb_storage.c:1296:5:usb_storage_probe	32	static
common/usb_storage.c:1418:5:usb_stor_get_info	296	static
common/usb_storage.c:1506:12:usb_mass_storage_probe	192	static
