drivers/i2c/i2c-uclass.c:45:12:i2c_setup_offset	8	static
drivers/i2c/i2c-uclass.c:20:6:i2c_dump_msgs	32	static
drivers/i2c/i2c-uclass.c:117:5:dm_i2c_read	72	static
drivers/i2c/i2c-uclass.c:147:5:dm_i2c_write	64	dynamic
drivers/i2c/i2c-uclass.c:203:5:dm_i2c_xfer	16	static
drivers/i2c/i2c-uclass.c:214:5:dm_i2c_reg_read	16	static
drivers/i2c/i2c-uclass.c:226:5:dm_i2c_reg_write	16	static
drivers/i2c/i2c-uclass.c:233:5:dm_i2c_reg_clrset	32	static
drivers/i2c/i2c-uclass.c:322:5:i2c_get_chip	64	static
drivers/i2c/i2c-uclass.c:347:5:i2c_get_chip_for_busnum	24	static
drivers/i2c/i2c-uclass.c:368:5:dm_i2c_probe	40	static
drivers/i2c/i2c-uclass.c:389:5:dm_i2c_set_bus_speed	24	static
drivers/i2c/i2c-uclass.c:503:12:i2c_post_probe	24	static
drivers/i2c/i2c-uclass.c:410:5:dm_i2c_get_bus_speed	16	static
drivers/i2c/i2c-uclass.c:421:5:i2c_set_chip_flags	24	static
drivers/i2c/i2c-uclass.c:438:5:i2c_get_chip_flags	8	static
drivers/i2c/i2c-uclass.c:447:5:i2c_set_chip_offset_len	8	static
drivers/i2c/i2c-uclass.c:458:5:i2c_get_chip_offset_len	8	static
drivers/i2c/i2c-uclass.c:465:5:i2c_deblock	0	static
drivers/i2c/i2c-uclass.c:484:5:i2c_chip_ofdata_to_platdata	16	static
drivers/i2c/i2c-uclass.c:522:12:i2c_child_post_bind	8	static
