drivers/usb/host/ehci-hcd.c:122:12:ehci_get_port_speed	0	static
drivers/usb/host/ehci-hcd.c:127:13:ehci_set_usbmode	0	static
drivers/usb/host/ehci-hcd.c:149:18:ehci_get_portsc_register	0	static
drivers/usb/host/ehci-hcd.c:1595:12:ehci_get_max_xfer_size	0	static
drivers/usb/host/ehci-hcd.c:143:13:ehci_powerup_fixup	8	static
drivers/usb/host/ehci-hcd.c:163:12:handshake	24	static
drivers/usb/host/ehci-hcd.c:1380:14:_ehci_poll_int_queue	24	static
drivers/usb/host/ehci-hcd.c:1581:14:ehci_poll_int_queue	0	static
drivers/usb/host/ehci-hcd.c:285:13:ehci_update_endpt2_dev_n_port	16	static
drivers/usb/host/ehci-hcd.c:241:12:ehci_td_buffer.constprop	24	static
drivers/usb/host/ehci-hcd.c:1197:1:disable_periodic.isra	8	static
drivers/usb/host/ehci-hcd.c:1176:1:enable_periodic.isra	8	static
drivers/usb/host/ehci-hcd.c:207:12:ehci_shutdown.isra	24	static
drivers/usb/host/ehci-hcd.c:113:26:ehci_get_ctrl.isra	8	static
drivers/usb/host/ehci-hcd.c:1421:12:_ehci_destroy_int_queue.isra	32	static
drivers/usb/host/ehci-hcd.c:1588:12:ehci_destroy_int_queue	0	static
drivers/usb/host/ehci-hcd.c:1216:26:_ehci_create_int_queue.constprop	80	static
drivers/usb/host/ehci-hcd.c:1572:26:ehci_create_int_queue	4	static
drivers/usb/host/ehci-hcd.c:1563:12:ehci_submit_int_msg	32	static
drivers/usb/host/ehci-hcd.c:301:1:ehci_submit_async	288	static
drivers/usb/host/ehci-hcd.c:1556:12:ehci_submit_bulk_msg	4	static
drivers/usb/host/ehci-hcd.c:1546:12:ehci_submit_control_msg	48	static
drivers/usb/host/ehci-hcd.c:1606:5:ehci_register	32	static
drivers/usb/host/ehci-hcd.c:1652:5:ehci_deregister	8	static
drivers/usb/host/ehci-hcd.c:1677:5:ehci_setup_phy	16	static
drivers/usb/host/ehci-hcd.c:1707:5:ehci_shutdown_phy	16	static
