fs/fat/fat.c:36:13:downcase	8	static
fs/fat/fat.c:460:13:mkcksum	8	static
fs/fat/fat.c:51:12:disk_read	16	static
fs/fat/fat.c:127:13:get_name	24	static
fs/fat/fat.c:253:1:get_cluster	40	dynamic
fs/fat/fat.c:487:1:read_bootsectandvi	24	static
fs/fat/fat.c:671:12:fat_itr_root	128	static
fs/fat/fat_write.c:31:12:disk_write	16	static
fs/fat/fat_write.c:107:12:flush_dirty_fat_buffer	24	static
fs/fat/fat.c:168:14:get_fatent	32	static
fs/fat/fat.c:772:19:next_dent	16	static
fs/fat/fat_write.c:558:12:find_empty_cluster	16	static
fs/fat/fat_write.c:497:1:set_cluster	40	dynamic
fs/fat/fat_write.c:54:13:set_name	280	static
fs/fat/fat_write.c:748:12:check_overflow	24	static
fs/fat/fat.c:433:12:slot2str	20	static
fs/fat/fat.c:843:12:fat_itr_next	56	static
fs/fat/fat_write.c:366:12:set_fatent_value.isra	32	static
fs/fat/fat_write.c:575:13:flush_dir_table.constprop	16	static
fs/fat/fat.c:917:12:fat_itr_resolve	32	static
fs/fat/fat_write.c:904:12:do_fat_write	1104	static
fs/fat/fat.c:66:5:fat_set_blk_dev	24	dynamic
fs/fat/fat.c:95:5:fat_register_device	136	static
fs/fat/fat.c:972:5:file_fat_detectfs	120	static
fs/fat/fat.c:1034:5:fat_exists	56	static
fs/fat/fat.c:1054:5:fat_size	64	static
fs/fat/fat.c:1090:5:file_fat_read_at	96	static
fs/fat/fat.c:1118:5:file_fat_read	40	static
fs/fat/fat.c:1130:5:fat_read_file	48	static
fs/fat/fat.c:1149:5:fat_opendir	24	static
fs/fat/fat.c:1175:5:fat_readdir	16	static
fs/fat/fat.c:1198:6:fat_closedir	8	static
fs/fat/fat.c:1205:6:fat_close	0	static
fs/fat/fat_write.c:1078:5:file_fat_write	24	static
