drivers/power/regulator/rk8xx.c:1297:12:switch_set_suspend_value	0	static
drivers/power/regulator/rk8xx.c:1302:12:switch_get_suspend_value	0	static
drivers/power/regulator/rk8xx.c:306:37:get_buck_reg	16	static
drivers/power/regulator/rk8xx.c:779:37:get_ldo_reg	16	static
drivers/power/regulator/rk8xx.c:1113:12:buck_get_suspend_enable	16	static
drivers/power/regulator/rk8xx.c:1127:12:buck_get_enable	24	static
drivers/power/regulator/rk8xx.c:1063:12:buck_get_suspend_value	16	static
drivers/power/regulator/rk8xx.c:1027:12:buck_get_value	16	static
drivers/power/regulator/rk8xx.c:1226:12:ldo_get_suspend_enable	16	static
drivers/power/regulator/rk8xx.c:1233:12:ldo_get_enable	24	static
drivers/power/regulator/rk8xx.c:1193:12:ldo_get_suspend_value	16	static
drivers/power/regulator/rk8xx.c:1134:12:ldo_get_value	16	static
drivers/power/regulator/rk8xx.c:1337:12:switch_get_suspend_enable	16	static
drivers/power/regulator/rk8xx.c:1270:12:switch_get_enable	16	static
drivers/power/regulator/rk8xx.c:1628:12:pldo_get_suspend_enable	8	static
drivers/power/regulator/rk8xx.c:1545:12:pldo_get_enable	16	static
drivers/power/regulator/rk8xx.c:1538:12:pldo_set_enable	24	static
drivers/power/regulator/rk8xx.c:1120:12:buck_set_ramp_delay	32	static
drivers/power/regulator/rk8xx.c:1106:12:buck_set_suspend_enable	16	static
drivers/power/regulator/rk8xx.c:398:12:_buck_set_enable	24	static
drivers/power/regulator/rk8xx.c:1099:12:buck_set_enable	0	static
drivers/power/regulator/rk8xx.c:1092:12:buck_set_suspend_value	24	static
drivers/power/regulator/rk8xx.c:372:12:_buck_set_value	32	static
drivers/power/regulator/rk8xx.c:1056:12:buck_set_value	0	static
drivers/power/regulator/rk8xx.c:1219:12:ldo_set_suspend_enable	16	static
drivers/power/regulator/rk8xx.c:1172:12:ldo_set_suspend_value	24	static
drivers/power/regulator/rk8xx.c:1151:12:ldo_set_value	24	static
drivers/power/regulator/rk8xx.c:1307:12:switch_set_suspend_enable	16	static
drivers/power/regulator/rk8xx.c:1240:12:switch_set_enable	16	static
drivers/power/regulator/rk8xx.c:1621:12:pldo_set_suspend_enable	0	static
drivers/power/regulator/rk8xx.c:1635:12:rk8xx_buck_probe	8	static
drivers/power/regulator/rk8xx.c:1647:12:rk8xx_ldo_probe	8	static
drivers/power/regulator/rk8xx.c:1671:12:rk8xx_pldo_probe	0	static
drivers/power/regulator/rk8xx.c:1659:12:rk8xx_switch_probe	8	static
drivers/power/regulator/rk8xx.c:1212:12:ldo_set_enable	24	static
drivers/power/regulator/rk8xx.c:1376:12:switch_get_value	32	static
drivers/power/regulator/rk8xx.c:1403:37:get_pldo_reg	16	static
drivers/power/regulator/rk8xx.c:1570:12:pldo_get_suspend_value	16	static
drivers/power/regulator/rk8xx.c:1499:12:pldo_get_value	16	static
drivers/power/regulator/rk8xx.c:1552:12:pldo_set_suspend_value	24	static
drivers/power/regulator/rk8xx.c:1517:12:pldo_set_value	24	static
drivers/power/regulator/rk8xx.c:1398:12:switch_set_value	0	static
drivers/power/regulator/rk8xx.c:1756:5:rk8xx_spl_configure_buck	16	static
drivers/power/regulator/rk8xx.c:1767:5:rk818_spl_configure_usb_input_current	4	static
drivers/power/regulator/rk8xx.c:1778:5:rk818_spl_configure_usb_chrg_shutdown	4	static
