lib/optee_clientApi/OpteeClientInterface.c:196:17:trusty_base_read_security_data	504	static
lib/optee_clientApi/OpteeClientInterface.c:96:17:trusty_base_write_security_data	504	static
lib/optee_clientApi/OpteeClientInterface.c:518:17:trusty_base_efuse_or_otp_operation	480	static
lib/optee_clientApi/OpteeClientInterface.c:294:17:trusty_base_end_security_data	448	static
lib/optee_clientApi/OpteeClientInterface.c:470:17:trusty_base_end_efuse_or_otp	448	static
lib/optee_clientApi/OpteeClientInterface.c:68:13:crypto_flush_cacheline	0	static
lib/optee_clientApi/OpteeClientInterface.c:52:17:b2hs.constprop.isra	12	static
lib/optee_clientApi/OpteeClientInterface.c:390:10:trusty_read_rollback_index	32	static
lib/optee_clientApi/OpteeClientInterface.c:399:10:trusty_write_rollback_index	40	static
lib/optee_clientApi/OpteeClientInterface.c:408:10:trusty_read_permanent_attributes	0	static
lib/optee_clientApi/OpteeClientInterface.c:414:10:trusty_write_permanent_attributes	0	static
lib/optee_clientApi/OpteeClientInterface.c:420:10:trusty_read_permanent_attributes_flag	0	static
lib/optee_clientApi/OpteeClientInterface.c:426:10:trusty_write_permanent_attributes_flag	16	static
lib/optee_clientApi/OpteeClientInterface.c:432:10:trusty_read_permanent_attributes_cer	0	static
lib/optee_clientApi/OpteeClientInterface.c:439:10:trusty_write_permanent_attributes_cer	0	static
lib/optee_clientApi/OpteeClientInterface.c:446:10:trusty_read_lock_state	0	static
lib/optee_clientApi/OpteeClientInterface.c:452:10:trusty_write_lock_state	16	static
lib/optee_clientApi/OpteeClientInterface.c:458:10:trusty_read_flash_lock_state	0	static
lib/optee_clientApi/OpteeClientInterface.c:464:10:trusty_write_flash_lock_state	16	static
lib/optee_clientApi/OpteeClientInterface.c:595:10:trusty_read_attribute_hash	0	static
lib/optee_clientApi/OpteeClientInterface.c:601:10:trusty_write_attribute_hash	0	static
lib/optee_clientApi/OpteeClientInterface.c:607:10:trusty_notify_optee_uboot_end	8	static
lib/optee_clientApi/OpteeClientInterface.c:616:10:trusty_read_vbootkey_hash	0	static
lib/optee_clientApi/OpteeClientInterface.c:622:10:trusty_write_vbootkey_hash	0	static
lib/optee_clientApi/OpteeClientInterface.c:628:10:trusty_read_vbootkey_enable_flag	16	static
lib/optee_clientApi/OpteeClientInterface.c:650:10:trusty_write_ta_encryption_key	0	static
lib/optee_clientApi/OpteeClientInterface.c:656:10:trusty_ta_encryption_key_is_written	456	static
lib/optee_clientApi/OpteeClientInterface.c:706:10:trusty_write_oem_encrypt_data	0	static
lib/optee_clientApi/OpteeClientInterface.c:712:10:trusty_oem_encrypt_data_is_written	456	static
lib/optee_clientApi/OpteeClientInterface.c:762:10:trusty_check_security_level_flag	16	static
lib/optee_clientApi/OpteeClientInterface.c:771:10:trusty_write_oem_huk	0	static
lib/optee_clientApi/OpteeClientInterface.c:797:6:optee_client_init	0	static
lib/optee_clientApi/OpteeClientInterface.c:803:10:trusty_write_oem_ns_otp	480	static
lib/optee_clientApi/OpteeClientInterface.c:868:10:trusty_read_oem_ns_otp	480	static
lib/optee_clientApi/OpteeClientInterface.c:934:10:trusty_write_oem_otp_key	480	static
lib/optee_clientApi/OpteeClientInterface.c:1000:10:trusty_oem_otp_key_is_written	456	static
lib/optee_clientApi/OpteeClientInterface.c:1052:10:trusty_set_oem_hr_otp_read_lock	456	static
lib/optee_clientApi/OpteeClientInterface.c:1103:10:trusty_oem_otp_key_cipher	488	static
lib/optee_clientApi/OpteeClientInterface.c:1207:10:trusty_write_oem_hdcp_key	480	static
lib/optee_clientApi/OpteeClientInterface.c:1273:10:trusty_oem_hdcp_key_is_written	456	static
lib/optee_clientApi/OpteeClientInterface.c:1325:10:trusty_set_oem_hdcp_key_mask	456	static
lib/optee_clientApi/OpteeClientInterface.c:1376:10:trusty_oem_user_ta_transfer	504	static
lib/optee_clientApi/OpteeClientInterface.c:1470:10:trusty_oem_user_ta_storage	456	static
lib/optee_clientApi/OpteeClientInterface.c:1523:10:trusty_attest_dh	480	static
lib/optee_clientApi/OpteeClientInterface.c:1609:10:trusty_attest_uuid	480	static
lib/optee_clientApi/OpteeClientInterface.c:1695:10:trusty_attest_get_ca	504	static
lib/optee_clientApi/OpteeClientInterface.c:1801:10:trusty_attest_set_ca	480	static
