lib/optee_clientApi/OpteeClientApiLib.c:52:13:optee_exchange_capabilities	40	static
lib/optee_clientApi/OpteeClientApiLib.c:86:6:optee_get_shm_config	48	static
lib/optee_clientApi/OpteeClientApiLib.c:101:13:OpteeClientApiLibInitialize	48	static
lib/optee_clientApi/OpteeClientApiLib.c:137:13:TEEC_InitializeContext	48	static
lib/optee_clientApi/OpteeClientApiLib.c:181:13:TEEC_FinalizeContext	48	static
lib/optee_clientApi/OpteeClientApiLib.c:207:13:TEEC_AllocateSharedMemory	16	static
lib/optee_clientApi/OpteeClientApiLib.c:250:6:TEEC_ReleaseSharedMemory	8	static
lib/optee_clientApi/OpteeClientApiLib.c:279:13:TEEC_RegisterSharedMemory	24	static
lib/optee_clientApi/OpteeClientApiLib.c:324:13:TEEC_OpenSession	168	static
lib/optee_clientApi/OpteeClientApiLib.c:373:6:TEEC_CloseSession	16	static
lib/optee_clientApi/OpteeClientApiLib.c:394:13:TEEC_InvokeCommand	160	static
lib/optee_clientApi/OpteeClientApiLib.c:434:6:TEEC_RequestCancellation	16	static
