lib/optee_clientApi/OpteeClientMem.c:25:5:my_malloc_init	16	static
lib/optee_clientApi/OpteeClientMem.c:46:6:write_usedblock	12	static
lib/optee_clientApi/OpteeClientMem.c:59:10:find_sizeblock	8	static
lib/optee_clientApi/OpteeClientMem.c:70:6:free_usedblock	8	static
lib/optee_clientApi/OpteeClientMem.c:84:7:my_malloc	32	static
lib/optee_clientApi/OpteeClientMem.c:116:6:my_free	24	static
lib/optee_clientApi/OpteeClientMem.c:142:5:OpteeClientMemInit	40	static
lib/optee_clientApi/OpteeClientMem.c:160:7:OpteeClientMemAlloc	0	static
lib/optee_clientApi/OpteeClientMem.c:169:6:OpteeClientMemFree	0	static
