drivers/core/uclass.c:23:16:uclass_find	8	static
drivers/core/uclass.c:111:5:uclass_destroy	16	static
drivers/core/uclass.c:145:5:uclass_get	24	static
drivers/core/uclass.c:158:13:uclass_get_name	16	static
drivers/core/uclass.c:167:16:uclass_get_by_name	16	static
drivers/core/uclass.c:181:5:uclass_find_device	24	static
drivers/core/uclass.c:204:5:uclass_find_first_device	16	static
drivers/core/uclass.c:221:5:uclass_find_next_device	0	static
drivers/core/uclass.c:510:13:_uclass_next_device	16	static
drivers/core/uclass.c:234:5:uclass_find_device_by_name	32	static
drivers/core/uclass.c:258:5:uclass_find_device_by_seq	32	static
drivers/core/uclass.c:287:5:uclass_find_device_by_of_offset	32	static
drivers/core/uclass.c:311:5:uclass_find_device_by_ofnode	24	static
drivers/core/uclass.c:369:5:uclass_get_device_by_driver	24	static
drivers/core/uclass.c:389:5:uclass_get_device_tail	16	static
drivers/core/uclass.c:404:5:uclass_get_device	16	static
drivers/core/uclass.c:414:5:uclass_get_device_by_name	16	static
drivers/core/uclass.c:425:5:uclass_get_device_by_seq	24	static
drivers/core/uclass.c:442:5:uclass_get_device_by_of_offset	16	static
drivers/core/uclass.c:453:5:uclass_get_device_by_ofnode	16	static
drivers/core/uclass.c:466:5:uclass_get_device_by_phandle_id	32	static
drivers/core/uclass.c:494:5:uclass_get_device_by_phandle	32	static
drivers/core/uclass.c:519:6:uclass_first_device	16	static
drivers/core/uclass.c:527:6:uclass_next_device	16	static
drivers/core/uclass.c:561:5:uclass_first_device_check	8	static
drivers/core/uclass.c:535:5:uclass_first_device_err	8	static
drivers/core/uclass.c:575:5:uclass_next_device_check	8	static
drivers/core/uclass.c:548:5:uclass_next_device_err	8	static
drivers/core/uclass.c:588:5:uclass_first_device_drvdata	24	static
drivers/core/uclass.c:605:5:uclass_bind_device	8	static
drivers/core/uclass.c:638:5:uclass_unbind_device	8	static
drivers/core/uclass.c:655:5:uclass_resolve_seq	24	static
drivers/core/uclass.c:686:5:uclass_pre_probe_device	8	static
drivers/core/uclass.c:707:5:uclass_post_probe_device	0	static
drivers/core/uclass.c:718:5:uclass_pre_remove_device	0	static
